[debug] [2025-11-22T14:01:40.134Z] ----------------------------------------------------------------------
[debug] [2025-11-22T14:01:40.139Z] Command:       C:\Program Files\nodejs\node.exe C:\Users\Edu\AppData\Roaming\npm\node_modules\firebase-tools\lib\bin\firebase.js emulators:start
[debug] [2025-11-22T14:01:40.140Z] CLI Version:   14.25.0
[debug] [2025-11-22T14:01:40.142Z] Platform:      win32
[debug] [2025-11-22T14:01:40.143Z] Node Version:  v24.11.1
[debug] [2025-11-22T14:01:40.145Z] Time:          Sat Nov 22 2025 17:01:40 GMT+0300 (East Africa Time)
[debug] [2025-11-22T14:01:40.146Z] ----------------------------------------------------------------------
[debug] 
[debug] [2025-11-22T14:01:40.752Z] > command requires scopes: ["email","openid","https://www.googleapis.com/auth/cloudplatformprojects.readonly","https://www.googleapis.com/auth/firebase","https://www.googleapis.com/auth/cloud-platform"]
[debug] [2025-11-22T14:01:40.753Z] > authorizing via signed-in user (mwangiedwin131@gmail.com)
[info] i  emulators: Starting emulators: functions, extensions {"metadata":{"emulator":{"name":"hub"},"message":"Starting emulators: functions, extensions"}}
[debug] [2025-11-22T14:01:40.764Z] Checked if tokens are valid: true, expires at: 1763823377834
[debug] [2025-11-22T14:01:40.765Z] Checked if tokens are valid: true, expires at: 1763823377834
[debug] [2025-11-22T14:01:40.767Z] >>> [apiv2][query] GET https://cloudresourcemanager.googleapis.com/v1/projects/xplay-82496 [none]
[debug] [2025-11-22T14:01:42.359Z] <<< [apiv2][status] GET https://cloudresourcemanager.googleapis.com/v1/projects/xplay-82496 200
[debug] [2025-11-22T14:01:42.359Z] <<< [apiv2][body] GET https://cloudresourcemanager.googleapis.com/v1/projects/xplay-82496 {"projectNumber":"219219111613","projectId":"xplay-82496","lifecycleState":"ACTIVE","name":"Xplay","labels":{"firebase":"enabled","firebase-core":"disabled"},"createTime":"2025-10-21T11:26:07.065352Z"}
[debug] [2025-11-22T14:01:42.377Z] [logging] Logging Emulator only supports listening on one address (127.0.0.1). Not listening on ::1
[debug] [2025-11-22T14:01:42.377Z] assigned listening specs for emulators {"user":{"hub":[{"address":"127.0.0.1","family":"IPv4","port":4400},{"address":"::1","family":"IPv6","port":4400}],"ui":[{"address":"127.0.0.1","family":"IPv4","port":4000},{"address":"::1","family":"IPv6","port":4000}],"logging":[{"address":"127.0.0.1","family":"IPv4","port":4500}]},"metadata":{"message":"assigned listening specs for emulators"}}
[debug] [2025-11-22T14:01:42.385Z] Emulator locator file path: C:\Users\Edu\AppData\Local\Temp\hub-xplay-82496.json
[debug] [2025-11-22T14:01:42.386Z] [hub] writing locator at C:\Users\Edu\AppData\Local\Temp\hub-xplay-82496.json
[debug] [2025-11-22T14:01:42.397Z] [Extensions] Started Extensions emulator, this is a noop.
[debug] [2025-11-22T14:01:42.407Z] [functions] Functions Emulator only supports listening on one address (127.0.0.1). Not listening on ::1
[debug] [2025-11-22T14:01:42.407Z] [eventarc] Eventarc Emulator only supports listening on one address (127.0.0.1). Not listening on ::1
[debug] [2025-11-22T14:01:42.407Z] [tasks] Cloud Tasks Emulator only supports listening on one address (127.0.0.1). Not listening on ::1
[debug] [2025-11-22T14:01:42.407Z] late-assigned ports for functions and eventarc emulators {"user":{"hub":[{"address":"127.0.0.1","family":"IPv4","port":4400},{"address":"::1","family":"IPv6","port":4400}],"ui":[{"address":"127.0.0.1","family":"IPv4","port":4000},{"address":"::1","family":"IPv6","port":4000}],"logging":[{"address":"127.0.0.1","family":"IPv4","port":4500}],"functions":[{"address":"127.0.0.1","family":"IPv4","port":5001}],"eventarc":[{"address":"127.0.0.1","family":"IPv4","port":9299}],"tasks":[{"address":"127.0.0.1","family":"IPv4","port":9499}]},"metadata":{"message":"late-assigned ports for functions and eventarc emulators"}}
[warn] !  functions: The following emulators are not running, calls to these services from the Functions emulator will affect production: apphosting, auth, firestore, database, hosting, pubsub, storage, dataconnect {"metadata":{"emulator":{"name":"functions"},"message":"The following emulators are not running, calls to these services from the Functions emulator will affect production: \u001b[1mapphosting, auth, firestore, database, hosting, pubsub, storage, dataconnect\u001b[22m"}}
[debug] [2025-11-22T14:01:45.488Z] defaultcredentials: writing to file C:\Users\Edu\AppData\Roaming\firebase\mwangiedwin131_gmail_com_application_default_credentials.json
[debug] [2025-11-22T14:01:45.628Z] Setting GAC to C:\Users\Edu\AppData\Roaming\firebase\mwangiedwin131_gmail_com_application_default_credentials.json {"metadata":{"emulator":{"name":"functions"},"message":"Setting GAC to C:\\Users\\Edu\\AppData\\Roaming\\firebase\\mwangiedwin131_gmail_com_application_default_credentials.json"}}
[debug] [2025-11-22T14:01:45.629Z] Checked if tokens are valid: true, expires at: 1763823377834
[debug] [2025-11-22T14:01:45.630Z] Checked if tokens are valid: true, expires at: 1763823377834
[debug] [2025-11-22T14:01:45.630Z] >>> [apiv2][query] GET https://firebase.googleapis.com/v1beta1/projects/xplay-82496/adminSdkConfig [none]
[debug] [2025-11-22T14:02:03.938Z] *** [apiv2] error from fetch(https://firebase.googleapis.com/v1beta1/projects/xplay-82496/adminSdkConfig, {"headers":{},"method":"GET"}): FetchError: request to https://firebase.googleapis.com/v1beta1/projects/xplay-82496/adminSdkConfig failed, reason: getaddrinfo ENOTFOUND firebase.googleapis.com
[debug] [2025-11-22T14:02:03.943Z] Failed to get Admin SDK config for xplay-82496, falling back to cache Failed to get Admin SDK for Firebase project xplay-82496. Please make sure the project exists and your account has permission to access it. {"name":"FirebaseError","children":[],"exit":2,"message":"Failed to get Admin SDK for Firebase project xplay-82496. Please make sure the project exists and your account has permission to access it.","original":{"name":"FirebaseError","children":[],"exit":1,"message":"Failed to make request to https://firebase.googleapis.com/v1beta1/projects/xplay-82496/adminSdkConfig","original":{"message":"request to https://firebase.googleapis.com/v1beta1/projects/xplay-82496/adminSdkConfig failed, reason: getaddrinfo ENOTFOUND firebase.googleapis.com","type":"system","errno":"ENOTFOUND","code":"ENOTFOUND"},"status":500},"status":500}
[debug] [2025-11-22T14:02:04.343Z] [Extensions] Connecting Extensions emulator, this is a noop.
[info] i  functions: Watching "C:\Users\Edu\AppDevelopment\Xplay\functions" for Cloud Functions... {"metadata":{"emulator":{"name":"functions"},"message":"Watching \"C:\\Users\\Edu\\AppDevelopment\\Xplay\\functions\" for Cloud Functions..."}}
[debug] [2025-11-22T14:02:04.416Z] Validating nodejs source
[debug] [2025-11-22T14:02:14.468Z] checkFunctionsSDKVersion was unable to fetch information from NPM Error: spawnSync C:\WINDOWS\system32\cmd.exe ETIMEDOUT
    at Object.spawnSync (node:internal/child_process:1120:20)
    at Object.spawnSync (node:child_process:911:24)
    at spawn.spawnSync [as sync] (C:\Users\Edu\AppData\Roaming\npm\node_modules\firebase-tools\node_modules\cross-spawn\index.js:26:23)
    at Object.getLatestSDKVersion (C:\Users\Edu\AppData\Roaming\npm\node_modules\firebase-tools\lib\deploy\functions\runtimes\node\versioning.js:54:25)
    at Object.checkFunctionsSDKVersion (C:\Users\Edu\AppData\Roaming\npm\node_modules\firebase-tools\lib\deploy\functions\runtimes\node\versioning.js:74:32)
    at Delegate.validate (C:\Users\Edu\AppData\Roaming\npm\node_modules\firebase-tools\lib\deploy\functions\runtimes\node\index.js:89:20)
    at FunctionsEmulator.discoverTriggers (C:\Users\Edu\AppData\Roaming\npm\node_modules\firebase-tools\lib\emulator\functionsEmulator.js:320:35)
    at async FunctionsEmulator.loadTriggers (C:\Users\Edu\AppData\Roaming\npm\node_modules\firebase-tools\lib\emulator\functionsEmulator.js:362:34)
    at async FunctionsEmulator.connect (C:\Users\Edu\AppData\Roaming\npm\node_modules\firebase-tools\lib\emulator\functionsEmulator.js:282:13)
    at async Object.startAll (C:\Users\Edu\AppData\Roaming\npm\node_modules\firebase-tools\lib\emulator\controller.js:678:13)
[debug] [2025-11-22T14:02:14.470Z] > [functions] package.json contents: {
  "name": "functions",
  "description": "Cloud Functions for Firebase",
  "scripts": {
    "serve": "firebase emulators:start --only functions",
    "shell": "firebase functions:shell",
    "start": "npm run shell",
    "deploy": "firebase deploy --only functions",
    "logs": "firebase functions:log"
  },
  "engines": {
    "node": "22"
  },
  "main": "index.js",
  "dependencies": {
    "firebase-admin": "^12.6.0",
    "firebase-functions": "^7.0.0"
  },
  "devDependencies": {
    "firebase-functions-test": "^3.1.0"
  },
  "private": true
}
[debug] [2025-11-22T14:02:14.470Z] Building nodejs source
[debug] [2025-11-22T14:02:14.472Z] Failed to find version of module node: reached end of search path C:\Users\Edu\AppDevelopment\Xplay\functions\node_modules
[warn] !  functions: Your requested "node" version "22" doesn't match your global version "24". Using node@24 from host. 
[debug] [2025-11-22T14:02:14.515Z] Could not find functions.yaml. Must use http discovery
[debug] [2025-11-22T14:02:14.548Z] Found firebase-functions binary at 'C:\Users\Edu\AppDevelopment\Xplay\functions\node_modules\.bin\firebase-functions'
[info] Serving at port 8000

[debug] [2025-11-22T14:02:19.071Z] Got response from /__/functions.yaml {"endpoints":{"signIn":{"availableMemoryMb":null,"timeoutSeconds":null,"minInstances":null,"maxInstances":null,"ingressSettings":null,"concurrency":null,"serviceAccountEmail":null,"vpc":null,"platform":"gcfv2","labels":{},"callableTrigger":{},"entryPoint":"signIn"},"submitMatchResult":{"availableMemoryMb":null,"timeoutSeconds":null,"minInstances":null,"maxInstances":null,"ingressSettings":null,"concurrency":null,"serviceAccountEmail":null,"vpc":null,"platform":"gcfv2","labels":{},"callableTrigger":{},"entryPoint":"submitMatchResult"},"sendNotification":{"availableMemoryMb":null,"timeoutSeconds":null,"minInstances":null,"maxInstances":null,"ingressSettings":null,"concurrency":null,"serviceAccountEmail":null,"vpc":null,"platform":"gcfv2","labels":{},"callableTrigger":{},"entryPoint":"sendNotification"}},"specVersion":"v1alpha1","requiredAPIs":[],"extensions":{}}
[debug] [2025-11-22T14:02:23.188Z] defaultcredentials: writing to file C:\Users\Edu\AppData\Roaming\firebase\mwangiedwin131_gmail_com_application_default_credentials.json
[debug] [2025-11-22T14:02:23.190Z] Setting GAC to C:\Users\Edu\AppData\Roaming\firebase\mwangiedwin131_gmail_com_application_default_credentials.json {"metadata":{"emulator":{"name":"functions"},"message":"Setting GAC to C:\\Users\\Edu\\AppData\\Roaming\\firebase\\mwangiedwin131_gmail_com_application_default_credentials.json"}}
[info] +  functions: Loaded functions definitions from source: signIn, submitMatchResult, sendNotification. {"metadata":{"emulator":{"name":"functions"},"message":"Loaded functions definitions from source: signIn, submitMatchResult, sendNotification."}}
[info] +  functions[us-central1-signIn]: http function initialized (http://127.0.0.1:5001/xplay-82496/us-central1/signIn). {"metadata":{"emulator":{"name":"functions"},"message":"\u001b[1mhttp\u001b[22m function initialized (http://127.0.0.1:5001/xplay-82496/us-central1/signIn)."}}
[info] +  functions[us-central1-submitMatchResult]: http function initialized (http://127.0.0.1:5001/xplay-82496/us-central1/submitMatchResult). {"metadata":{"emulator":{"name":"functions"},"message":"\u001b[1mhttp\u001b[22m function initialized (http://127.0.0.1:5001/xplay-82496/us-central1/submitMatchResult)."}}
[info] +  functions[us-central1-sendNotification]: http function initialized (http://127.0.0.1:5001/xplay-82496/us-central1/sendNotification). {"metadata":{"emulator":{"name":"functions"},"message":"\u001b[1mhttp\u001b[22m function initialized (http://127.0.0.1:5001/xplay-82496/us-central1/sendNotification)."}}
[debug] [2025-11-22T14:02:23.222Z] Could not find VSCode notification endpoint: FetchError: request to http://localhost:40001/vscode/notify failed, reason: . If you are not running the Firebase Data Connect VSCode extension, this is expected and not an issue.
[info] 
┌─────────────────────────────────────────────────────────────┐
│ ✔  All emulators ready! It is now safe to connect your app. │
│ i  View Emulator UI at http://127.0.0.1:4000/               │
└─────────────────────────────────────────────────────────────┘

┌────────────┬────────────────┬──────────────────────────────────┐
│ Emulator   │ Host:Port      │ View in Emulator UI              │
├────────────┼────────────────┼──────────────────────────────────┤
│ Functions  │ 127.0.0.1:5001 │ http://127.0.0.1:4000/functions  │
├────────────┼────────────────┼──────────────────────────────────┤
│ Extensions │ 127.0.0.1:5001 │ http://127.0.0.1:4000/extensions │
└────────────┴────────────────┴──────────────────────────────────┘
  Emulator Hub host: 127.0.0.1 port: 4400
  Other reserved ports: 4500
┌─────────────────────────┬───────────────┬─────────────────────┐
│ Extension Instance Name │ Extension Ref │ View in Emulator UI │
└─────────────────────────┴───────────────┴─────────────────────┘
Issues? Report them at https://github.com/firebase/firebase-tools/issues and attach the *-debug.log files.
 
[debug] [2025-11-22T14:05:50.470Z] [work-queue] {"queuedWork":["/xplay-82496/us-central1/submitMatchResult-2025-11-22T14:05:50.470Z"],"queueLength":1,"runningWork":[],"workRunningCount":0}
[debug] [2025-11-22T14:05:50.471Z] [work-queue] {"queuedWork":[],"queueLength":0,"runningWork":["/xplay-82496/us-central1/submitMatchResult-2025-11-22T14:05:50.470Z"],"workRunningCount":1}
[debug] [2025-11-22T14:05:50.471Z] Accepted request POST /xplay-82496/us-central1/submitMatchResult --> us-central1-submitMatchResult
[debug] [2025-11-22T14:05:50.474Z] [functions] Runtime ready! Sending request! {"metadata":{"emulator":{"name":"functions"},"message":"[functions] Runtime ready! Sending request!"}}
[debug] [2025-11-22T14:05:50.475Z] [functions] Got req.url=/xplay-82496/us-central1/submitMatchResult, mapping to path=/ {"metadata":{"emulator":{"name":"functions"},"message":"[functions] Got req.url=/xplay-82496/us-central1/submitMatchResult, mapping to path=/"}}
[debug] [2025-11-22T14:05:50.493Z] [worker-pool] addWorker(us-central1-submitMatchResult) {"metadata":{"emulator":{"name":"functions"},"message":"[worker-pool] addWorker(us-central1-submitMatchResult)"}}
[debug] [2025-11-22T14:05:50.495Z] [worker-pool] Adding worker with key us-central1-submitMatchResult, total=1 {"metadata":{"emulator":{"name":"functions"},"message":"[worker-pool] Adding worker with key us-central1-submitMatchResult, total=1"}}
[debug] [2025-11-22T14:05:53.597Z] [runtime-status] [6368] Resolved module firebase-admin {"declared":true,"installed":true,"version":"12.7.0","resolution":"C:\\Users\\Edu\\AppDevelopment\\Xplay\\functions\\node_modules\\firebase-admin\\lib\\index.js"} {"metadata":{"emulator":{"name":"functions"},"function":{"name":"us-central1-submitMatchResult"},"extension":{},"message":"[runtime-status] [6368] Resolved module firebase-admin {\"declared\":true,\"installed\":true,\"version\":\"12.7.0\",\"resolution\":\"C:\\\\Users\\\\Edu\\\\AppDevelopment\\\\Xplay\\\\functions\\\\node_modules\\\\firebase-admin\\\\lib\\\\index.js\"}"}}
[debug] [2025-11-22T14:05:53.600Z] [runtime-status] [6368] Resolved module firebase-functions {"declared":true,"installed":true,"version":"7.0.0","resolution":"C:\\Users\\Edu\\AppDevelopment\\Xplay\\functions\\node_modules\\firebase-functions\\lib\\v2\\index.js"} {"metadata":{"emulator":{"name":"functions"},"function":{"name":"us-central1-submitMatchResult"},"extension":{},"message":"[runtime-status] [6368] Resolved module firebase-functions {\"declared\":true,\"installed\":true,\"version\":\"7.0.0\",\"resolution\":\"C:\\\\Users\\\\Edu\\\\AppDevelopment\\\\Xplay\\\\functions\\\\node_modules\\\\firebase-functions\\\\lib\\\\v2\\\\index.js\"}"}}
[debug] [2025-11-22T14:05:53.600Z] [runtime-status] [6368] Outgoing network have been stubbed. [{"name":"http","status":"mocked"},{"name":"http","status":"mocked"},{"name":"https","status":"mocked"},{"name":"https","status":"mocked"},{"name":"net","status":"mocked"}] {"metadata":{"emulator":{"name":"functions"},"function":{"name":"us-central1-submitMatchResult"},"extension":{},"message":"[runtime-status] [6368] Outgoing network have been stubbed. [{\"name\":\"http\",\"status\":\"mocked\"},{\"name\":\"http\",\"status\":\"mocked\"},{\"name\":\"https\",\"status\":\"mocked\"},{\"name\":\"https\",\"status\":\"mocked\"},{\"name\":\"net\",\"status\":\"mocked\"}]"}}
[debug] [2025-11-22T14:05:53.602Z] [runtime-status] [6368] Resolved module firebase-functions {"declared":true,"installed":true,"version":"7.0.0","resolution":"C:\\Users\\Edu\\AppDevelopment\\Xplay\\functions\\node_modules\\firebase-functions\\lib\\v2\\index.js"} {"metadata":{"emulator":{"name":"functions"},"function":{"name":"us-central1-submitMatchResult"},"extension":{},"message":"[runtime-status] [6368] Resolved module firebase-functions {\"declared\":true,\"installed\":true,\"version\":\"7.0.0\",\"resolution\":\"C:\\\\Users\\\\Edu\\\\AppDevelopment\\\\Xplay\\\\functions\\\\node_modules\\\\firebase-functions\\\\lib\\\\v2\\\\index.js\"}"}}
[debug] [2025-11-22T14:05:53.603Z] [runtime-status] [6368] Detected firebase-functions v7+, skipping config helper. {"metadata":{"emulator":{"name":"functions"},"function":{"name":"us-central1-submitMatchResult"},"extension":{},"message":"[runtime-status] [6368] Detected firebase-functions v7+, skipping config helper."}}
[debug] [2025-11-22T14:05:53.604Z] [runtime-status] [6368] Resolved module firebase-functions {"declared":true,"installed":true,"version":"7.0.0","resolution":"C:\\Users\\Edu\\AppDevelopment\\Xplay\\functions\\node_modules\\firebase-functions\\lib\\v2\\index.js"} {"metadata":{"emulator":{"name":"functions"},"function":{"name":"us-central1-submitMatchResult"},"extension":{},"message":"[runtime-status] [6368] Resolved module firebase-functions {\"declared\":true,\"installed\":true,\"version\":\"7.0.0\",\"resolution\":\"C:\\\\Users\\\\Edu\\\\AppDevelopment\\\\Xplay\\\\functions\\\\node_modules\\\\firebase-functions\\\\lib\\\\v2\\\\index.js\"}"}}
[debug] [2025-11-22T14:05:53.605Z] [runtime-status] [6368] Detected firebase-functions v7+, skipping legacy stubs. {"metadata":{"emulator":{"name":"functions"},"function":{"name":"us-central1-submitMatchResult"},"extension":{},"message":"[runtime-status] [6368] Detected firebase-functions v7+, skipping legacy stubs."}}
[debug] [2025-11-22T14:05:53.607Z] [runtime-status] [6368] Resolved module firebase-admin {"declared":true,"installed":true,"version":"12.7.0","resolution":"C:\\Users\\Edu\\AppDevelopment\\Xplay\\functions\\node_modules\\firebase-admin\\lib\\index.js"} {"metadata":{"emulator":{"name":"functions"},"function":{"name":"us-central1-submitMatchResult"},"extension":{},"message":"[runtime-status] [6368] Resolved module firebase-admin {\"declared\":true,\"installed\":true,\"version\":\"12.7.0\",\"resolution\":\"C:\\\\Users\\\\Edu\\\\AppDevelopment\\\\Xplay\\\\functions\\\\node_modules\\\\firebase-admin\\\\lib\\\\index.js\"}"}}
[debug] [2025-11-22T14:05:53.634Z] [runtime-status] [6368] Resolved module firebase-functions {"declared":true,"installed":true,"version":"7.0.0","resolution":"C:\\Users\\Edu\\AppDevelopment\\Xplay\\functions\\node_modules\\firebase-functions\\lib\\v2\\index.js"} {"metadata":{"emulator":{"name":"functions"},"function":{"name":"us-central1-submitMatchResult"},"extension":{},"message":"[runtime-status] [6368] Resolved module firebase-functions {\"declared\":true,\"installed\":true,\"version\":\"7.0.0\",\"resolution\":\"C:\\\\Users\\\\Edu\\\\AppDevelopment\\\\Xplay\\\\functions\\\\node_modules\\\\firebase-functions\\\\lib\\\\v2\\\\index.js\"}"}}
[debug] [2025-11-22T14:05:54.443Z] [runtime-status] [6368] firebase-admin has been stubbed. {"adminResolution":{"declared":true,"installed":true,"version":"12.7.0","resolution":"C:\\Users\\Edu\\AppDevelopment\\Xplay\\functions\\node_modules\\firebase-admin\\lib\\index.js"}} {"metadata":{"emulator":{"name":"functions"},"function":{"name":"us-central1-submitMatchResult"},"extension":{},"message":"[runtime-status] [6368] firebase-admin has been stubbed. {\"adminResolution\":{\"declared\":true,\"installed\":true,\"version\":\"12.7.0\",\"resolution\":\"C:\\\\Users\\\\Edu\\\\AppDevelopment\\\\Xplay\\\\functions\\\\node_modules\\\\firebase-admin\\\\lib\\\\index.js\"}}"}}
[debug] [2025-11-22T14:05:54.450Z] [runtime-status] [6368] initializeApp(DEFAULT) {"storageBucket":"xplay-82496.firebasestorage.app","projectId":"xplay-82496"} {"metadata":{"emulator":{"name":"functions"},"function":{"name":"us-central1-submitMatchResult"},"extension":{},"message":"[runtime-status] [6368] initializeApp(DEFAULT) {\"storageBucket\":\"xplay-82496.firebasestorage.app\",\"projectId\":\"xplay-82496\"}"}}
[debug] [2025-11-22T14:05:54.471Z] [runtime-status] [6368] Functions runtime initialized. {"cwd":"C:\\Users\\Edu\\AppDevelopment\\Xplay\\functions","node_version":"24.11.1"} {"metadata":{"emulator":{"name":"functions"},"function":{"name":"us-central1-submitMatchResult"},"extension":{},"message":"[runtime-status] [6368] Functions runtime initialized. {\"cwd\":\"C:\\\\Users\\\\Edu\\\\AppDevelopment\\\\Xplay\\\\functions\",\"node_version\":\"24.11.1\"}"}}
[debug] [2025-11-22T14:05:54.471Z] [runtime-status] [6368] Listening to port: \\?\pipe\fire_emu_e7ccd2379753a6ac {"metadata":{"emulator":{"name":"functions"},"function":{"name":"us-central1-submitMatchResult"},"extension":{},"message":"[runtime-status] [6368] Listening to port: \\\\?\\pipe\\fire_emu_e7ccd2379753a6ac"}}
[debug] [2025-11-22T14:05:54.560Z] [worker-us-central1-submitMatchResult-210ef3ac-d434-43a5-bb3a-dcb15323e3ca]: IDLE {"metadata":{"emulator":{"name":"functions"},"function":{"name":"us-central1-submitMatchResult"},"extension":{},"message":"[worker-us-central1-submitMatchResult-210ef3ac-d434-43a5-bb3a-dcb15323e3ca]: IDLE"}}
[debug] [2025-11-22T14:05:54.561Z] [worker-pool] submitRequest(triggerId=us-central1-submitMatchResult) {"metadata":{"emulator":{"name":"functions"},"message":"[worker-pool] submitRequest(triggerId=us-central1-submitMatchResult)"}}
[info] i  functions: Beginning execution of "us-central1-submitMatchResult" {"metadata":{"emulator":{"name":"functions"},"function":{"name":"us-central1-submitMatchResult"},"extension":{},"message":"Beginning execution of \"us-central1-submitMatchResult\""}}
[debug] [2025-11-22T14:05:54.562Z] [worker-us-central1-submitMatchResult-210ef3ac-d434-43a5-bb3a-dcb15323e3ca]: BUSY {"metadata":{"emulator":{"name":"functions"},"function":{"name":"us-central1-submitMatchResult"},"extension":{},"message":"[worker-us-central1-submitMatchResult-210ef3ac-d434-43a5-bb3a-dcb15323e3ca]: BUSY"}}
[info] >  {"verifications":{"app":"MISSING","auth":"MISSING"},"logging.googleapis.com/labels":{"firebase-log-type":"callable-request-verification"},"severity":"DEBUG","message":"Callable request verification passed"} {"user":{"verifications":{"app":"MISSING","auth":"MISSING"},"logging.googleapis.com/labels":{"firebase-log-type":"callable-request-verification"},"severity":"DEBUG","message":"Callable request verification passed"},"metadata":{"emulator":{"name":"functions"},"function":{"name":"us-central1-submitMatchResult"},"extension":{},"message":"\u001b[90m> \u001b[39m {\"verifications\":{\"app\":\"MISSING\",\"auth\":\"MISSING\"},\"logging.googleapis.com/labels\":{\"firebase-log-type\":\"callable-request-verification\"},\"severity\":\"DEBUG\",\"message\":\"Callable request verification passed\"}"}}
[info] >  {"severity":"ERROR","message":"Unhandled error TypeError: Cannot read properties of undefined (reading 'uid')\n    at C:\\Users\\Edu\\AppDevelopment\\Xplay\\functions\\game.js:7:35\n    at fixedLen (C:\\Users\\Edu\\AppDevelopment\\Xplay\\functions\\node_modules\\firebase-functions\\lib\\v2\\providers\\https.js:131:34)\n    at C:\\Users\\Edu\\AppDevelopment\\Xplay\\functions\\node_modules\\firebase-functions\\lib\\common\\providers\\https.js:513:20\n    at process.processTicksAndRejections (node:internal/process/task_queues:103:5)\n    at async runFunction (C:\\Users\\Edu\\AppData\\Roaming\\npm\\node_modules\\firebase-tools\\lib\\emulator\\functionsEmulatorRuntime.js:514:9)\n    at async runHTTPS (C:\\Users\\Edu\\AppData\\Roaming\\npm\\node_modules\\firebase-tools\\lib\\emulator\\functionsEmulatorRuntime.js:539:5)\n    at async C:\\Users\\Edu\\AppData\\Roaming\\npm\\node_modules\\firebase-tools\\lib\\emulator\\functionsEmulatorRuntime.js:702:21"} {"user":{"severity":"ERROR","message":"Unhandled error TypeError: Cannot read properties of undefined (reading 'uid')\n    at C:\\Users\\Edu\\AppDevelopment\\Xplay\\functions\\game.js:7:35\n    at fixedLen (C:\\Users\\Edu\\AppDevelopment\\Xplay\\functions\\node_modules\\firebase-functions\\lib\\v2\\providers\\https.js:131:34)\n    at C:\\Users\\Edu\\AppDevelopment\\Xplay\\functions\\node_modules\\firebase-functions\\lib\\common\\providers\\https.js:513:20\n    at process.processTicksAndRejections (node:internal/process/task_queues:103:5)\n    at async runFunction (C:\\Users\\Edu\\AppData\\Roaming\\npm\\node_modules\\firebase-tools\\lib\\emulator\\functionsEmulatorRuntime.js:514:9)\n    at async runHTTPS (C:\\Users\\Edu\\AppData\\Roaming\\npm\\node_modules\\firebase-tools\\lib\\emulator\\functionsEmulatorRuntime.js:539:5)\n    at async C:\\Users\\Edu\\AppData\\Roaming\\npm\\node_modules\\firebase-tools\\lib\\emulator\\functionsEmulatorRuntime.js:702:21"},"metadata":{"emulator":{"name":"functions"},"function":{"name":"us-central1-submitMatchResult"},"extension":{},"message":"\u001b[90m> \u001b[39m {\"severity\":\"ERROR\",\"message\":\"Unhandled error TypeError: Cannot read properties of undefined (reading 'uid')\\n    at C:\\\\Users\\\\Edu\\\\AppDevelopment\\\\Xplay\\\\functions\\\\game.js:7:35\\n    at fixedLen (C:\\\\Users\\\\Edu\\\\AppDevelopment\\\\Xplay\\\\functions\\\\node_modules\\\\firebase-functions\\\\lib\\\\v2\\\\providers\\\\https.js:131:34)\\n    at C:\\\\Users\\\\Edu\\\\AppDevelopment\\\\Xplay\\\\functions\\\\node_modules\\\\firebase-functions\\\\lib\\\\common\\\\providers\\\\https.js:513:20\\n    at process.processTicksAndRejections (node:internal/process/task_queues:103:5)\\n    at async runFunction (C:\\\\Users\\\\Edu\\\\AppData\\\\Roaming\\\\npm\\\\node_modules\\\\firebase-tools\\\\lib\\\\emulator\\\\functionsEmulatorRuntime.js:514:9)\\n    at async runHTTPS (C:\\\\Users\\\\Edu\\\\AppData\\\\Roaming\\\\npm\\\\node_modules\\\\firebase-tools\\\\lib\\\\emulator\\\\functionsEmulatorRuntime.js:539:5)\\n    at async C:\\\\Users\\\\Edu\\\\AppData\\\\Roaming\\\\npm\\\\node_modules\\\\firebase-tools\\\\lib\\\\emulator\\\\functionsEmulatorRuntime.js:702:21\"}"}}
[debug] [2025-11-22T14:05:54.610Z] Finishing up request with event=pause {"metadata":{"emulator":{"name":"functions"},"function":{"name":"us-central1-submitMatchResult"},"extension":{},"message":"Finishing up request with event=pause"}}
[info] i  functions: Finished "us-central1-submitMatchResult" in 48.2147ms {"metadata":{"emulator":{"name":"functions"},"function":{"name":"us-central1-submitMatchResult"},"extension":{},"message":"Finished \"us-central1-submitMatchResult\" in 48.2147ms"}}
[debug] [2025-11-22T14:05:54.611Z] [worker-us-central1-submitMatchResult-210ef3ac-d434-43a5-bb3a-dcb15323e3ca]: IDLE {"metadata":{"emulator":{"name":"functions"},"function":{"name":"us-central1-submitMatchResult"},"extension":{},"message":"[worker-us-central1-submitMatchResult-210ef3ac-d434-43a5-bb3a-dcb15323e3ca]: IDLE"}}
[debug] [2025-11-22T14:05:54.612Z] Finishing up request with event=finish {"metadata":{"emulator":{"name":"functions"},"function":{"name":"us-central1-submitMatchResult"},"extension":{},"message":"Finishing up request with event=finish"}}
[debug] [2025-11-22T14:05:54.612Z] Finishing up request with event=close {"metadata":{"emulator":{"name":"functions"},"function":{"name":"us-central1-submitMatchResult"},"extension":{},"message":"Finishing up request with event=close"}}
[debug] [2025-11-22T14:05:54.613Z] [work-queue] {"queuedWork":[],"queueLength":0,"runningWork":[],"workRunningCount":0}
